********************************************************************************
TMS320C6x COFF/Hex Converter                                              v6.0.8
********************************************************************************

INPUT FILE NAME: <.\zlg.out>
OUTPUT FORMAT:   Binary

PHYSICAL MEMORY PARAMETERS
   Default data width   :   8
   Default memory width :   8
   Default output width :   8

BOOT LOADER PARAMETERS
   Table Address: 0x64000400, PAGE 0
   Entry Point  : 0xd6a0


OUTPUT TRANSLATION MAP
--------------------------------------------------------------------------------
64000000..6400ffff  Page=0  Memory Width=8  ROM Width=8  "FLASH"
--------------------------------------------------------------------------------
   OUTPUT FILES: .\zlg.bin [b0..b7]

   CONTENTS: 64000000..6400009f   .bootload
             640000a0..640003ff   FILL = 00000000
             64000400..6400ea4f   BOOT TABLE
                         .intvecs : btad=64000400  dest=00013000 size=00000200
                          .switch : btad=6400060c  dest=00013a88 size=00000010
                            .text : btad=64000624  dest=00000400 size=0000d900
                           .cinit : btad=6400df2c  dest=00012608 size=0000068c
                           .const : btad=6400e5c0  dest=00013200 size=00000482
             6400ea50..6400ffff   FILL = 00000000
